{"loadresult":{"results":[{"entry":[{"resulttype":{"name":"result-1","label":"r-1","unitOfMeasurment":"r"},"result":{"name":{"name":"result-1","label":"r-1","unitOfMeasurment":"r"},"value":55}},{"resulttype":{"name":"result-2","label":"r-2","unitOfMeasurment":"runits"},"result":{"name":{"name":"result-2","label":"r-2","unitOfMeasurment":"runits"},"value":42}}]}]}}