{"loadresult":{"results":[{"entry":[{"org.polepos.monitoring.MonitoringType$1":{"name":"result-1","label":"r-1","unitOfMeasurment":"%","scaleFactory":10000},"result":{"name":{"@class":"org.polepos.monitoring.MonitoringType$1","name":"result-1","label":"r-1","unitOfMeasurment":"%","scaleFactory":10000},"value":55}},{"resulttype":{"name":"result-2","label":"r-2","unitOfMeasurment":"runits","scaleFactory":42},"result":{"name":{"name":"result-2","label":"r-2","unitOfMeasurment":"runits","scaleFactory":42},"value":42}}]}]}}